// Jest Snapshot v1, https://goo.gl/fbAQLP

exports[`App renders 1`] = `
<DocumentFragment>
  <div
    class="App"
  >
    <nav
      class="main_nav"
    >
      <h1>
        Default App Name
      </h1>
      <ul>
        <li>
          Home
        </li>
        <li>
          About
        </li>
        <li>
          Register
        </li>
        <li>
          Login
        </li>
      </ul>
    </nav>
    <header
      class="App-header"
    >
      <p>
        Hello world!
      </p>
    </header>
    <section>
      <p>
        Can you see me?
      </p>
    </section>
  </div>
</DocumentFragment>
`;
